cnvalias.icu
coll/af.res
coll/ar.res
coll/as.res
coll/az.res
coll/be.res
coll/bg.res
coll/bn.res
coll/bs.res
coll/bs_Cyrl.res
coll/ca.res
coll/chr.res
coll/cs.res
coll/cy.res
coll/da.res
coll/de.res
coll/de_.res
coll/de__PHONEBOOK.res
coll/dz.res
coll/ee.res
coll/el.res
coll/en.res
coll/en_US.res
coll/en_US_POSIX.res
coll/eo.res
coll/es.res
coll/es_.res
coll/es__TRADITIONAL.res
coll/et.res
coll/fa.res
coll/fa_AF.res
coll/fi.res
coll/fil.res
coll/fo.res
coll/fr.res
coll/fr_CA.res
coll/ga.res
coll/gl.res
coll/gu.res
coll/ha.res
coll/haw.res
coll/he.res
coll/he_IL.res
coll/hi.res
coll/hr.res
coll/hu.res
coll/hy.res
coll/id.res
coll/id_ID.res
coll/ig.res
coll/in.res
coll/in_ID.res
coll/is.res
coll/it.res
coll/iw.res
coll/iw_IL.res
coll/ja.res
coll/ka.res
coll/kk.res
coll/kl.res
coll/km.res
coll/kn.res
coll/ko.res
coll/kok.res
coll/ky.res
coll/lkt.res
coll/ln.res
coll/lt.res
coll/lv.res
coll/mk.res
coll/ml.res
coll/mo.res
coll/mr.res
coll/ms.res
coll/mt.res
coll/my.res
coll/nb.res
coll/nb_NO.res
coll/nl.res
coll/nn.res
coll/no.res
coll/no_NO.res
coll/om.res
coll/or.res
coll/pa.res
coll/pa_Guru.res
coll/pa_Guru_IN.res
coll/pa_IN.res
coll/pl.res
coll/ps.res
coll/pt.res
coll/res_index.res
coll/ro.res
coll/ro_MD.res
coll/root.res
coll/ru.res
coll/sh.res
coll/sh_BA.res
coll/sh_CS.res
coll/sh_YU.res
coll/si.res
coll/sk.res
coll/sl.res
coll/sq.res
coll/sr.res
coll/sr_BA.res
coll/sr_Cyrl.res
coll/sr_Cyrl_BA.res
coll/sr_Cyrl_ME.res
coll/sr_Cyrl_RS.res
coll/sr_Latn.res
coll/sr_Latn_BA.res
coll/sr_Latn_RS.res
coll/sr_ME.res
coll/sr_RS.res
coll/sv.res
coll/sw.res
coll/ta.res
coll/te.res
coll/th.res
coll/to.res
coll/tr.res
coll/ucadata.icu
coll/ug.res
coll/ug_Arab.res
coll/ug_Arab_CN.res
coll/ug_CN.res
coll/uk.res
coll/ur.res
coll/vi.res
coll/yo.res
coll/zh.res
coll/zh_CN.res
coll/zh_HK.res
coll/zh_Hans.res
coll/zh_Hans_CN.res
coll/zh_Hans_SG.res
coll/zh_Hant.res
coll/zh_Hant_HK.res
coll/zh_Hant_MO.res
coll/zh_Hant_TW.res
coll/zh_MO.res
coll/zh_SG.res
coll/zh_TW.res
coll/zu.res
confusables.cfu
nfc.nrm
nfkc.nrm
nfkc_cf.nrm
rfc3491.spp
rfc3530cs.spp
rfc3530csci.spp
rfc3530mixp.spp
rfc3722.spp
rfc3920node.spp
rfc3920res.spp
rfc4011.spp
rfc4013.spp
rfc4505.spp
rfc4518.spp
rfc4518ci.spp
unames.icu
uts46.nrm
